// Jest Snapshot v1, https://goo.gl/fbAQLP

exports[`Site - YouJizz entry point it should extracts previousPage 1`] = `"https://www.youjizz.com/newest-clips/99.html"`;

exports[`Site - YouJizz entry point it should extracts videosThumbnailUrl 1`] = `
Array [
  "https://cdne-pics.youjizz.com/f/4/7/f47dc3f9ee5f0930264933945c8298541496219703-960-540-2099-h264.mp4-3.jpg",
  "https://cdne-pics.youjizz.com/a/0/8/a084a3bdc08964db9a42b5b30c8620461513059926-1920-1080-9876-h264.mp4-4.jpg",
  "https://cdne-pics.youjizz.com/6/7/8/678e5b2efab5ceb531a2d807e5180d701475248211-1280-720-1853-h264.mp4-3.jpg",
  "https://cdne-pics.youjizz.com/e/a/e/eaeb1f4ab43bdc7c3699e2e4dfd950f51512972016-1920-1080-9984-h264.mp4-8.jpg",
  "https://cdne-pics.youjizz.com/0/8/e/08e1ff2c7c01426cf95e860b5793f4161510985008-1920-1080-8331-h264.mp4-7.jpg",
  "https://cdne-pics.youjizz.com/3/2/4/32434d975828b58f0623c7a76a5be3a11497168333-1280-720-2050-h264.mp4-2.jpg",
  "https://cdne-pics.youjizz.com/4/5/5/4558ebcdb8d40efde53385888b7f1ebf1510812055-1920-1080-8563-h264.mp4-7.jpg",
  "https://cdne-pics.youjizz.com/f/d/1/fd14b627b3a54ba3fe51bcafc0f2267e1484338565-720-404-1108-h264.mp4-6.jpg",
  "https://cdne-pics.youjizz.com/4/8/8/488d220a2b55823fa8112ac2f3b57ed61447747805-480-270-401-h264.flv-5.jpg",
  "https://cdne-pics.youjizz.com/9/a/4/9a41b2275275944417f28724e3607ed91496269811-1280-720-1448-h264.mp4-5.jpg",
  "https://cdne-pics.youjizz.com/c/9/6/c968f1c71c11559341a4a8b74b4591db1493595307-640-360-598-h264.mp4-5.jpg",
  "https://cdne-pics.youjizz.com/d/0/4/d0483d6dff746b1aa4cee75c656ade5d1478900706-1280-720-2048-h264.mp4-6.jpg",
  "https://cdne-pics.youjizz.com/5/1/e/51ea5623c0f67474e2985b1d7d8a00bd1512194407-1920-1080-8390-h264.mp4-3.jpg",
  "https://cdne-pics.youjizz.com/2/b/0/2b0612b41a3089dc7b378d8d0b1409761472776203-334-240-512-h264.mp4-5.jpg",
  "https://cdne-pics.youjizz.com/7/9/e/79e536cb667526f4952c862709b157e91490593526-1280-720-2046-h264.mp4-3.jpg",
  "https://cdne-pics.youjizz.com/1/5/e/15e34e99efc20bb521c151bfb5fc05c21493578831-1280-720-4002-h264.mp4-7.jpg",
  "https://cdne-pics.youjizz.com/e/d/2/ed26964e32771fa7e56a1f2c2644750e1501497306-512-336-193-h264.mp4-7.jpg",
  "https://cdne-pics.youjizz.com/d/1/9/d19c50dce196c8df5240f751cd93b6641478983529-1280-720-1539-h264.mp4-4.jpg",
  "https://cdne-pics.youjizz.com/e/6/4/e64dbe78ffb03373759d127c0a293ff61480146369-1280-720-1413-h264.mp4-5.jpg",
  "https://cdne-pics.youjizz.com/b/b/d/bbd8d61579de567f4100a8b57a6b98471495051521-1280-720-2500-h264.mp4-6.jpg",
  "https://cdne-pics.youjizz.com/6/3/4/634039586f376665402dc5b7b7c6e0181473792020-320-240-510-h264.mp4-5.jpg",
  "https://cdne-pics.youjizz.com/7/f/2/7f2ac10f029369347e287942122705ca1497582004-360-240-512-h264.mp4-8.jpg",
  "https://cdne-pics.youjizz.com/c/5/0/c505d43933cf28fd93228b96193745841487537180-480-320-466-h264.mp4-4.jpg",
  "https://cdne-pics.youjizz.com/2/9/d/29d437ae9670ebdd734b261a42b11bfc1479379537-1280-720-1855-h264.mp4-5.jpg",
  "https://cdne-pics.youjizz.com/f/4/7/f47dc3f9ee5f0930264933945c8298541496219703-960-540-2099-h264.mp4-3.jpg",
  "https://cdne-pics.youjizz.com/a/0/8/a084a3bdc08964db9a42b5b30c8620461513059926-1920-1080-9876-h264.mp4-4.jpg",
  "https://cdne-pics.youjizz.com/6/7/8/678e5b2efab5ceb531a2d807e5180d701475248211-1280-720-1853-h264.mp4-3.jpg",
  "https://cdne-pics.youjizz.com/e/a/e/eaeb1f4ab43bdc7c3699e2e4dfd950f51512972016-1920-1080-9984-h264.mp4-8.jpg",
  "https://cdne-pics.youjizz.com/0/8/e/08e1ff2c7c01426cf95e860b5793f4161510985008-1920-1080-8331-h264.mp4-7.jpg",
  "https://cdne-pics.youjizz.com/3/2/4/32434d975828b58f0623c7a76a5be3a11497168333-1280-720-2050-h264.mp4-2.jpg",
  "https://cdne-pics.youjizz.com/4/5/5/4558ebcdb8d40efde53385888b7f1ebf1510812055-1920-1080-8563-h264.mp4-7.jpg",
  "https://cdne-pics.youjizz.com/f/d/1/fd14b627b3a54ba3fe51bcafc0f2267e1484338565-720-404-1108-h264.mp4-6.jpg",
  "https://cdne-pics.youjizz.com/4/8/8/488d220a2b55823fa8112ac2f3b57ed61447747805-480-270-401-h264.flv-5.jpg",
  "https://cdne-pics.youjizz.com/9/a/4/9a41b2275275944417f28724e3607ed91496269811-1280-720-1448-h264.mp4-5.jpg",
  "https://cdne-pics.youjizz.com/c/9/6/c968f1c71c11559341a4a8b74b4591db1493595307-640-360-598-h264.mp4-5.jpg",
  "https://cdne-pics.youjizz.com/d/0/4/d0483d6dff746b1aa4cee75c656ade5d1478900706-1280-720-2048-h264.mp4-6.jpg",
  "https://cdne-pics.youjizz.com/5/1/e/51ea5623c0f67474e2985b1d7d8a00bd1512194407-1920-1080-8390-h264.mp4-3.jpg",
  "https://cdne-pics.youjizz.com/2/b/0/2b0612b41a3089dc7b378d8d0b1409761472776203-334-240-512-h264.mp4-5.jpg",
  "https://cdne-pics.youjizz.com/7/9/e/79e536cb667526f4952c862709b157e91490593526-1280-720-2046-h264.mp4-3.jpg",
  "https://cdne-pics.youjizz.com/1/5/e/15e34e99efc20bb521c151bfb5fc05c21493578831-1280-720-4002-h264.mp4-7.jpg",
  "https://cdne-pics.youjizz.com/e/d/2/ed26964e32771fa7e56a1f2c2644750e1501497306-512-336-193-h264.mp4-7.jpg",
  "https://cdne-pics.youjizz.com/d/1/9/d19c50dce196c8df5240f751cd93b6641478983529-1280-720-1539-h264.mp4-4.jpg",
  "https://cdne-pics.youjizz.com/e/6/4/e64dbe78ffb03373759d127c0a293ff61480146369-1280-720-1413-h264.mp4-5.jpg",
  "https://cdne-pics.youjizz.com/b/b/d/bbd8d61579de567f4100a8b57a6b98471495051521-1280-720-2500-h264.mp4-6.jpg",
  "https://cdne-pics.youjizz.com/6/3/4/634039586f376665402dc5b7b7c6e0181473792020-320-240-510-h264.mp4-5.jpg",
  "https://cdne-pics.youjizz.com/7/f/2/7f2ac10f029369347e287942122705ca1497582004-360-240-512-h264.mp4-8.jpg",
  "https://cdne-pics.youjizz.com/c/5/0/c505d43933cf28fd93228b96193745841487537180-480-320-466-h264.mp4-4.jpg",
  "https://cdne-pics.youjizz.com/2/9/d/29d437ae9670ebdd734b261a42b11bfc1479379537-1280-720-1855-h264.mp4-5.jpg",
]
`;

exports[`Site - YouJizz entry point it should extracts videosUrl 1`] = `
Array [
  "https://www.youjizz.com/videos/having-fun-with-boyfriends-friend-41212501.html",
  "https://www.youjizz.com/videos/i-am-going-to-fuck-your-wife-p3-44980291.html",
  "https://www.youjizz.com/videos/hottest-amateur-pov-sex-scene-33226821.html",
  "https://www.youjizz.com/videos/petite-asian-squirter-44957911.html",
  "https://www.youjizz.com/videos/the-joys-of-a-long-hot-shower-44591631.html",
  "https://www.youjizz.com/videos/hardcore-threesome-in-the-house-41460901.html",
  "https://www.youjizz.com/videos/nail-her-p1-44554291.html",
  "https://www.youjizz.com/videos/how-big-is-it---stassi-sinclair-36508821.html",
  "https://www.youjizz.com/videos/first-fuck-28912211.html",
  "https://www.youjizz.com/videos/perfect-body-teenie-rubbing-her-pussy-on-old-guy-41228271.html",
  "https://www.youjizz.com/videos/the-japanese-kind-of-shower-massage-40422391.html",
  "https://www.youjizz.com/videos/two-teen-stepsister-get-first-anal-fuck-by-big-dick-step-bro-34328731.html",
  "https://www.youjizz.com/videos/zz-pizza-party-part-1-p2-44808671.html",
  "https://www.youjizz.com/videos/old-french-mature-offers-her-ass-32761981.html",
  "https://www.youjizz.com/videos/return-of-the-harem-girl-39242121.html",
  "https://www.youjizz.com/videos/blonde-milf-only-takes-bbc-40422451.html",
  "https://www.youjizz.com/videos/girlfriend-gets-analized-and-facialized-42458801.html",
  "https://www.youjizz.com/videos/two-sexy-blondes-develop-a-taste-for-pussy-34358221.html",
  "https://www.youjizz.com/videos/stunning-cowgirl-ride-on-cock-34745021.html",
  "https://www.youjizz.com/videos/jessica-red-masturbating-40834471.html",
  "https://www.youjizz.com/videos/hot-bbw-in-red-32941081.html",
  "https://www.youjizz.com/videos/girl-on-girl-687-41552931.html",
  "https://www.youjizz.com/videos/brunette-babe-lenka-loyosice-37840011.html",
  "https://www.youjizz.com/videos/seline-benazir-gets-horny-and-fucks-herself-with-a-gigantic-34514031.html",
  "https://www.youjizz.com/videos/having-fun-with-boyfriends-friend-41212501.html",
  "https://www.youjizz.com/videos/i-am-going-to-fuck-your-wife-p3-44980291.html",
  "https://www.youjizz.com/videos/hottest-amateur-pov-sex-scene-33226821.html",
  "https://www.youjizz.com/videos/petite-asian-squirter-44957911.html",
  "https://www.youjizz.com/videos/the-joys-of-a-long-hot-shower-44591631.html",
  "https://www.youjizz.com/videos/hardcore-threesome-in-the-house-41460901.html",
  "https://www.youjizz.com/videos/nail-her-p1-44554291.html",
  "https://www.youjizz.com/videos/how-big-is-it---stassi-sinclair-36508821.html",
  "https://www.youjizz.com/videos/first-fuck-28912211.html",
  "https://www.youjizz.com/videos/perfect-body-teenie-rubbing-her-pussy-on-old-guy-41228271.html",
  "https://www.youjizz.com/videos/the-japanese-kind-of-shower-massage-40422391.html",
  "https://www.youjizz.com/videos/two-teen-stepsister-get-first-anal-fuck-by-big-dick-step-bro-34328731.html",
  "https://www.youjizz.com/videos/zz-pizza-party-part-1-p2-44808671.html",
  "https://www.youjizz.com/videos/old-french-mature-offers-her-ass-32761981.html",
  "https://www.youjizz.com/videos/return-of-the-harem-girl-39242121.html",
  "https://www.youjizz.com/videos/blonde-milf-only-takes-bbc-40422451.html",
  "https://www.youjizz.com/videos/girlfriend-gets-analized-and-facialized-42458801.html",
  "https://www.youjizz.com/videos/two-sexy-blondes-develop-a-taste-for-pussy-34358221.html",
  "https://www.youjizz.com/videos/stunning-cowgirl-ride-on-cock-34745021.html",
  "https://www.youjizz.com/videos/jessica-red-masturbating-40834471.html",
  "https://www.youjizz.com/videos/hot-bbw-in-red-32941081.html",
  "https://www.youjizz.com/videos/girl-on-girl-687-41552931.html",
  "https://www.youjizz.com/videos/brunette-babe-lenka-loyosice-37840011.html",
  "https://www.youjizz.com/videos/seline-benazir-gets-horny-and-fucks-herself-with-a-gigantic-34514031.html",
]
`;
